// Jest Snapshot v1, https://goo.gl/fbAQLP

exports[`Pruebas en el <AppRouter/> Debe de mostrar login si no esta autenticado 1`] = `
<div>
  <div
    className="container mt-5"
  >
    <h1>
      Login Screen
    </h1>
    <hr />
    <button
      className="btn btn-outline-primary"
      onClick={[Function]}
    >
      Login
    </button>
  </div>
</div>
`;
